// Vitest Snapshot v1, https://vitest.dev/guide/snapshot.html

exports[`createEnumTypeCode > google-protobuf > generates code for a simple enum 1`] = `
"import { enumType } from "nexus";

export const MyEnum = enumType({
  "name": "MyEnum",
  "members": [{ "name": "FOO", "value": 1, "extensions": { "protobufEnumValue": { "name": "MY_ENUM_FOO" } } }, {
    "name": "BAR",
    "value": 2,
    "description": "This is Bar.",
    "extensions": { "protobufEnumValue": { "name": "MY_ENUM_BAR" } },
  }, { "name": "BAZ", "value": 3, "extensions": { "protobufEnumValue": { "name": "MY_ENUM_BAZ" } } }],
  "extensions": {
    "protobufEnum": { "name": "MyEnum", "fullName": "testapi.enums.MyEnum", "package": "testapi.enums" },
  },
});
"
`;

exports[`createEnumTypeCode > google-protobuf > generates code for an enum without unspecified 1`] = `
"import { enumType } from "nexus";

export const MyEnumWithoutUnspecified = enumType({
  "name": "MyEnumWithoutUnspecified",
  "members": [{
    "name": "FOO",
    "value": 0,
    "extensions": { "protobufEnumValue": { "name": "MY_ENUM_WITHOUT_UNSPECIFIED_FOO" } },
  }, {
    "name": "BAR",
    "value": 1,
    "extensions": { "protobufEnumValue": { "name": "MY_ENUM_WITHOUT_UNSPECIFIED_BAR" } },
  }, {
    "name": "BAZ",
    "value": 2,
    "extensions": { "protobufEnumValue": { "name": "MY_ENUM_WITHOUT_UNSPECIFIED_BAZ" } },
  }],
  "extensions": {
    "protobufEnum": {
      "name": "MyEnumWithoutUnspecified",
      "fullName": "testapi.enums.MyEnumWithoutUnspecified",
      "package": "testapi.enums",
    },
  },
});
"
`;

exports[`createEnumTypeCode > google-protobuf > generates code for enum with extensions 1`] = `
"import { enumType } from "nexus";

export const TestPrefixPrefixedEnum = enumType({
  "name": "TestPrefixPrefixedEnum",
  "members": [
    { "name": "PREFIXED_FOO", "value": 1, "extensions": { "protobufEnumValue": { "name": "PREFIXED_FOO" } } },
    { "name": "PREFIXED_BAR", "value": 2, "extensions": { "protobufEnumValue": { "name": "PREFIXED_BAR" } } },
  ],
  "extensions": {
    "protobufEnum": {
      "name": "PrefixedEnum",
      "fullName": "testapis.extensions.PrefixedEnum",
      "package": "testapis.extensions",
    },
  },
});
"
`;

exports[`createEnumTypeCode > google-protobuf > generates code for nested enum 1`] = `
"import { enumType } from "nexus";

export const ParentMessageNestedEnum = enumType({
  "name": "ParentMessageNestedEnum",
  "members": [{ "name": "FOO", "value": 1, "extensions": { "protobufEnumValue": { "name": "FOO" } } }, {
    "name": "BAR",
    "value": 2,
    "extensions": { "protobufEnumValue": { "name": "BAR" } },
  }],
  "extensions": {
    "protobufEnum": {
      "name": "NestedEnum",
      "fullName": "testapis.nested.ParentMessage.NestedEnum",
      "package": "testapis.nested",
    },
  },
});
"
`;

exports[`createEnumTypeCode > protobufjs > generates code for a simple enum 1`] = `
"import { enumType } from "nexus";

export const MyEnum = enumType({
  "name": "MyEnum",
  "members": [{ "name": "FOO", "value": 1, "extensions": { "protobufEnumValue": { "name": "MY_ENUM_FOO" } } }, {
    "name": "BAR",
    "value": 2,
    "description": "This is Bar.",
    "extensions": { "protobufEnumValue": { "name": "MY_ENUM_BAR" } },
  }, { "name": "BAZ", "value": 3, "extensions": { "protobufEnumValue": { "name": "MY_ENUM_BAZ" } } }],
  "extensions": {
    "protobufEnum": { "name": "MyEnum", "fullName": "testapi.enums.MyEnum", "package": "testapi.enums" },
  },
});
"
`;

exports[`createEnumTypeCode > protobufjs > generates code for an enum without unspecified 1`] = `
"import { enumType } from "nexus";

export const MyEnumWithoutUnspecified = enumType({
  "name": "MyEnumWithoutUnspecified",
  "members": [{
    "name": "FOO",
    "value": 0,
    "extensions": { "protobufEnumValue": { "name": "MY_ENUM_WITHOUT_UNSPECIFIED_FOO" } },
  }, {
    "name": "BAR",
    "value": 1,
    "extensions": { "protobufEnumValue": { "name": "MY_ENUM_WITHOUT_UNSPECIFIED_BAR" } },
  }, {
    "name": "BAZ",
    "value": 2,
    "extensions": { "protobufEnumValue": { "name": "MY_ENUM_WITHOUT_UNSPECIFIED_BAZ" } },
  }],
  "extensions": {
    "protobufEnum": {
      "name": "MyEnumWithoutUnspecified",
      "fullName": "testapi.enums.MyEnumWithoutUnspecified",
      "package": "testapi.enums",
    },
  },
});
"
`;

exports[`createEnumTypeCode > protobufjs > generates code for nested enum 1`] = `
"import { enumType } from "nexus";

export const ParentMessageNestedEnum = enumType({
  "name": "ParentMessageNestedEnum",
  "members": [{ "name": "FOO", "value": 1, "extensions": { "protobufEnumValue": { "name": "FOO" } } }, {
    "name": "BAR",
    "value": 2,
    "extensions": { "protobufEnumValue": { "name": "BAR" } },
  }],
  "extensions": {
    "protobufEnum": {
      "name": "NestedEnum",
      "fullName": "testapis.nested.ParentMessage.NestedEnum",
      "package": "testapis.nested",
    },
  },
});
"
`;
